// Jest Snapshot v1, https://goo.gl/fbAQLP

exports[`Contentful Adapter converts the data correctly 1`] = `
Object {
  "baselineCopyrightText": "University of Wisconsin Hospitals and Clinics Authority",
  "baselineCta": Object {
    "as": "/example",
    "href": "/[slug]",
    "icon": "None",
    "isInternal": true,
    "linkText": "Employee home access",
    "target": undefined,
  },
  "baselineMainLinks": Array [
    Object {
      "as": "/example",
      "href": "/[slug]",
      "icon": "None",
      "isInternal": true,
      "linkText": "Terms and conditions",
      "target": undefined,
    },
    Object {
      "as": "/example",
      "href": "/[slug]",
      "icon": "None",
      "isInternal": true,
      "linkText": "Website privacy policy",
      "target": undefined,
    },
  ],
  "contentTypeId": "1234",
  "footerLogo": Object {
    "contentType": "image/png",
    "description": "nulla hic corporis",
    "filename": "image.png",
    "height": 70,
    "size": 231,
    "title": "Mock Image for footerLogo",
    "url": "//images.ctfassets.net/o8vbqs3spmqj/mock_settingsGlobal-footerLogo/460fedebd309366e91bbe10428654ab7/image.png",
    "width": 70,
  },
  "footerMainNavLinks": Array [
    Object {
      "as": "/example",
      "href": "/[slug]",
      "icon": "None",
      "isInternal": true,
      "linkText": "Find a provider",
      "target": undefined,
    },
    Object {
      "as": "/conditionsandservices",
      "href": "/[slug]",
      "icon": "None",
      "isInternal": true,
      "linkText": "Conditions and services",
      "target": undefined,
    },
    Object {
      "as": "/example",
      "href": "/[slug]",
      "icon": "None",
      "isInternal": true,
      "linkText": "Locations and clinics",
      "target": undefined,
    },
    Object {
      "as": "/example",
      "href": "/[slug]",
      "icon": "None",
      "isInternal": true,
      "linkText": "Patients and families",
      "target": undefined,
    },
    Object {
      "as": "/example",
      "href": "/[slug]",
      "icon": "None",
      "isInternal": true,
      "linkText": "Refer a patient",
      "target": undefined,
    },
  ],
  "footerMainNavSecondaryLinksColumn2": Array [
    Object {
      "as": "/example",
      "href": "/[slug]",
      "icon": "None",
      "isInternal": true,
      "linkText": "Careers",
      "target": undefined,
    },
  ],
  "footerSocialLinks": Array [
    Object {
      "as": undefined,
      "href": "https://www.facebook.com/uwhealth",
      "icon": "Facebook",
      "isInternal": false,
      "linkText": "F",
      "target": "_blank",
    },
    Object {
      "as": undefined,
      "href": "https://twitter.com/uwhealth",
      "icon": "Twitter",
      "isInternal": false,
      "linkText": "T",
      "target": "_blank",
    },
    Object {
      "as": undefined,
      "href": "https://www.pinterest.co.uk/uwhealth/",
      "icon": "Pinterest",
      "isInternal": false,
      "linkText": "P",
      "target": "_blank",
    },
    Object {
      "as": undefined,
      "href": "https://www.instagram.com/uw_health/",
      "icon": "Instagram",
      "isInternal": false,
      "linkText": "I",
      "target": "_blank",
    },
    Object {
      "as": undefined,
      "href": "https://www.linkedin.com/company/uw-health",
      "icon": "Linkedin",
      "isInternal": false,
      "linkText": "L",
      "target": "_blank",
    },
    Object {
      "as": undefined,
      "href": "https://www.youtube.com/user/UWHealthWI",
      "icon": "None",
      "isInternal": false,
      "linkText": "Y",
      "target": "_blank",
    },
  ],
  "footerSubMainNav": Array [
    Object {
      "as": "/example",
      "href": "/[slug]",
      "icon": undefined,
      "isInternal": true,
      "linkText": "About UW Health",
      "target": undefined,
    },
    Object {
      "as": "/example",
      "href": "/[slug]",
      "icon": undefined,
      "isInternal": true,
      "linkText": "Diversity and Inclusion",
      "target": undefined,
    },
    Object {
      "as": "/example",
      "href": "/[slug]",
      "icon": undefined,
      "isInternal": true,
      "linkText": "Media Center",
      "target": undefined,
    },
    Object {
      "as": "/example",
      "href": "/[slug]",
      "icon": undefined,
      "isInternal": true,
      "linkText": "Contact Us",
      "target": undefined,
    },
  ],
  "footerSubNavCta": Object {
    "as": "/example",
    "href": "/[slug]",
    "icon": "None",
    "isInternal": true,
    "linkText": "Make a donation",
    "target": undefined,
  },
  "footerSubNavLinks": Array [
    Object {
      "as": "/example",
      "href": "/[slug]",
      "icon": "None",
      "isInternal": true,
      "linkText": "Pay a bill",
      "target": undefined,
    },
    Object {
      "as": "/example",
      "href": "/[slug]",
      "icon": "None",
      "isInternal": true,
      "linkText": "Refill a prescription",
      "target": undefined,
    },
    Object {
      "as": "/example",
      "href": "/[slug]",
      "icon": "None",
      "isInternal": true,
      "linkText": "Order flower and gifts",
      "target": undefined,
    },
    Object {
      "as": "/example",
      "href": "/[slug]",
      "icon": "None",
      "isInternal": true,
      "linkText": "Send a greeting card",
      "target": undefined,
    },
    Object {
      "as": "/example",
      "href": "/[slug]",
      "icon": "None",
      "isInternal": true,
      "linkText": "Find a support group",
      "target": undefined,
    },
    Object {
      "as": "/example",
      "href": "/[slug]",
      "icon": "None",
      "isInternal": true,
      "linkText": "News",
      "target": undefined,
    },
    Object {
      "as": "/example",
      "href": "/[slug]",
      "icon": "None",
      "isInternal": true,
      "linkText": "Classes and events",
      "target": undefined,
    },
    Object {
      "as": "/example",
      "href": "/[slug]",
      "icon": "None",
      "isInternal": true,
      "linkText": "Health blogs",
      "target": undefined,
    },
    Object {
      "as": "/example",
      "href": "/[slug]",
      "icon": "None",
      "isInternal": true,
      "linkText": "Volunteering",
      "target": undefined,
    },
  ],
  "footerUtilityNavCta": Object {
    "as": undefined,
    "href": "#ullam sapiente commodi",
    "icon": undefined,
    "isInternal": false,
    "linkText": "quis explicabo ratione",
    "target": undefined,
  },
  "footerUtilityNavLinks": Array [
    Object {
      "as": "/example",
      "href": "/[slug]",
      "icon": "None",
      "isInternal": true,
      "linkText": "Video visits",
      "target": undefined,
    },
    Object {
      "as": "/example",
      "href": "/[slug]",
      "icon": "None",
      "isInternal": true,
      "linkText": "OrthoCare Now",
      "target": undefined,
    },
    Object {
      "as": "/example",
      "href": "/[slug]",
      "icon": "None",
      "isInternal": true,
      "linkText": "e-Visits",
      "target": undefined,
    },
    Object {
      "as": "/example",
      "href": "/[slug]",
      "icon": undefined,
      "isInternal": true,
      "linkText": "Urgent Care",
      "target": undefined,
    },
    Object {
      "as": "/example",
      "href": "/[slug]",
      "icon": undefined,
      "isInternal": true,
      "linkText": "Emergency Care",
      "target": undefined,
    },
  ],
  "headerMainNavLinks": Array [
    Object {
      "contentTypeId": "elementNavLink",
      "id": "mock_settingsGlobal-baselineCta",
      "internalTitle": "Healthfacts - Nav Link",
      "mainLink": Object {
        "as": undefined,
        "href": "#ullam sapiente commodi",
        "icon": undefined,
        "isInternal": false,
        "linkText": "quis explicabo ratione",
        "target": undefined,
      },
    },
    Object {
      "contentTypeId": "elementNavLink",
      "id": "mock_settingsGlobal-baselineMainLinks",
      "internalTitle": "Healthwise - Nav Link",
      "mainLink": Object {
        "as": undefined,
        "href": "#ullam sapiente commodi",
        "icon": undefined,
        "isInternal": false,
        "linkText": "quis explicabo ratione",
        "target": undefined,
      },
    },
    Object {
      "contentTypeId": "elementNavLink",
      "id": "mock_Element-NavLink",
      "internalTitle": "Kids Health - Nav Link",
      "mainLink": Object {
        "as": undefined,
        "href": "#ullam sapiente commodi",
        "icon": undefined,
        "isInternal": false,
        "linkText": "quis explicabo ratione",
        "target": undefined,
      },
    },
  ],
  "headerMainNavLogo": Object {
    "contentType": "image/png",
    "description": "natus voluptatem voluptatibus",
    "filename": "image.png",
    "height": 60,
    "size": 219,
    "title": "Mock Image for headerMainNavLogo",
    "url": "//images.ctfassets.net/o8vbqs3spmqj/mock_settingsGlobal-headerMainNavLogo/6597774d68edd42f663c5fb16ab0f43b/image.png",
    "width": 60,
  },
  "headerMainNavSecondaryLink": Object {
    "childrenLinks": Array [
      Object {
        "as": undefined,
        "href": "#ullam sapiente commodi",
        "icon": undefined,
        "isInternal": false,
        "linkText": "quis explicabo ratione",
        "target": undefined,
      },
    ],
    "contentTypeId": "elementNavLink",
    "id": "mock_settingsGlobal-headerMainNavSecondaryLink",
    "internalTitle": "Mock headerMainNavSecondaryLink for Settings - Global",
    "mainLink": Object {
      "as": undefined,
      "href": "#ullam sapiente commodi",
      "icon": undefined,
      "isInternal": false,
      "linkText": "quis explicabo ratione",
      "target": undefined,
    },
  },
  "headerSearchErrorMessage": "There was an error",
  "headerSearchPlaceholderText": "Search",
  "headerUtilityNavLinks": Array [
    Object {
      "contentTypeId": "elementNavLink",
      "id": "mock_settingsGlobal-baselineCta",
      "internalTitle": "Healthfacts - Nav Link",
      "mainLink": Object {
        "as": undefined,
        "href": "#ullam sapiente commodi",
        "icon": undefined,
        "isInternal": false,
        "linkText": "quis explicabo ratione",
        "target": undefined,
      },
    },
    Object {
      "contentTypeId": "elementNavLink",
      "id": "mock_settingsGlobal-baselineMainLinks",
      "internalTitle": "Healthwise - Nav Link",
      "mainLink": Object {
        "as": undefined,
        "href": "#ullam sapiente commodi",
        "icon": undefined,
        "isInternal": false,
        "linkText": "quis explicabo ratione",
        "target": undefined,
      },
    },
    Object {
      "contentTypeId": "elementNavLink",
      "id": "mock_Element-NavLink",
      "internalTitle": "Kids Health - Nav Link",
      "mainLink": Object {
        "as": undefined,
        "href": "#ullam sapiente commodi",
        "icon": undefined,
        "isInternal": false,
        "linkText": "quis explicabo ratione",
        "target": undefined,
      },
    },
  ],
  "headerUtilityNavSiteNameLink": Object {
    "contentTypeId": "elementNavLink",
    "id": "mock_settingsGlobal-headerUtilityNavSiteNameLink",
    "internalTitle": "Mock headerUtilityNavSiteNameLink for Settings - Global",
    "mainLink": Object {
      "as": undefined,
      "href": "#ullam sapiente commodi",
      "icon": undefined,
      "isInternal": false,
      "linkText": "quis explicabo ratione",
      "target": undefined,
    },
  },
  "id": "2345",
  "internalTitle": "Patient Education Global Settings",
}
`;
